To honour the JVM settings for this build a single-use Daemon process will be forked. For more on this, please refer to https://docs.gradle.org/9.4.1/userguide/gradle_daemon.html#sec:disabling_the_daemon in the Gradle documentation.
Daemon will be stopped at the end of the build 
> Task :app:preBuild UP-TO-DATE
> Task :app:preDebugBuild UP-TO-DATE
> Task :app:mergeDebugNativeDebugMetadata NO-SOURCE
> Task :app:checkKotlinGradlePluginConfigurationErrors SKIPPED
> Task :app:checkDebugAarMetadata UP-TO-DATE
> Task :app:generateDebugResValues UP-TO-DATE
> Task :app:mapDebugSourceSetPaths UP-TO-DATE
> Task :app:generateDebugResources UP-TO-DATE
> Task :app:mergeDebugResources UP-TO-DATE
> Task :app:packageDebugResources UP-TO-DATE
> Task :app:parseDebugLocalResources UP-TO-DATE
> Task :app:createDebugCompatibleScreenManifests UP-TO-DATE
> Task :app:extractDeepLinksDebug UP-TO-DATE
> Task :app:processDebugMainManifest UP-TO-DATE
> Task :app:processDebugManifest UP-TO-DATE
> Task :app:processDebugManifestForPackage UP-TO-DATE
> Task :app:processDebugResources UP-TO-DATE
> Task :app:javaPreCompileDebug UP-TO-DATE
> Task :app:mergeDebugShaders UP-TO-DATE
> Task :app:compileDebugShaders NO-SOURCE
> Task :app:generateDebugAssets UP-TO-DATE
> Task :app:mergeDebugAssets UP-TO-DATE
> Task :app:compressDebugAssets UP-TO-DATE
> Task :app:checkDebugDuplicateClasses UP-TO-DATE
> Task :app:desugarDebugFileDependencies UP-TO-DATE
> Task :app:mergeExtDexDebug UP-TO-DATE
> Task :app:mergeLibDexDebug UP-TO-DATE
> Task :app:mergeDebugJniLibFolders UP-TO-DATE
> Task :app:mergeDebugNativeLibs UP-TO-DATE
> Task :app:stripDebugDebugSymbols UP-TO-DATE
> Task :app:validateSigningDebug UP-TO-DATE
> Task :app:writeDebugAppMetadata UP-TO-DATE
> Task :app:writeDebugSigningConfigVersions UP-TO-DATE
> Task :app:kspDebugKotlin

> Task :app:compileDebugKotlin FAILED
./gradlew : e: file:///C:/trying/app/src/main/java/com/
example/trail/presentation/navigation/BottomNavItem.kt:
13:80 Unresolved reference 'Group'.
At line:1 char:1
+ ./gradlew :app:assembleDebug --no-daemon 2>&1 | 
Out-File -FilePath bu ...
+ ~~~~~~~~~~~~~~~~~~~~~~~~~~~~~~~~~~~~~~~~~~~~~
    + CategoryInfo          : NotSpecified: (e: file:/ 
   //C:/t...erence 'Group'.:String) [], RemoteExcepti  
  on
    + FullyQualifiedErrorId : NativeCommandError
 
e: file:///C:/trying/app/src/main/java/com/example/trai
l/presentation/navigation/BottomNavItem.kt:15:86 
Unresolved reference 'History'.
e: file:///C:/trying/app/src/main/java/com/example/trai
l/presentation/screens/activity/ActivityScreen.kt:7:47 
Unresolved reference 'History'.
e: file:///C:/trying/app/src/main/java/com/example/trai
l/presentation/screens/group_details/GroupDetailsScreen
.kt:9:47 Unresolved reference 'Groups'.
e: file:///C:/trying/app/src/main/java/com/example/trai
l/presentation/screens/group_details/GroupDetailsScreen
.kt:48:40 Unresolved reference 'Groups'.
e: file:///C:/trying/app/src/main/java/com/example/trai
l/presentation/screens/notifications/NotificationsScree
n.kt:41:65 Unresolved reference 'message'.
e: file:///C:/trying/app/src/main/java/com/example/trai
l/presentation/screens/notifications/NotificationsViewM
odel.kt:25:100 Argument type mismatch: actual type is 
'java.util.Date', but 'kotlin.String' was expected.
e: file:///C:/trying/app/src/main/java/com/example/trai
l/presentation/screens/notifications/NotificationsViewM
odel.kt:25:125 Unresolved reference 'NEW_RUN'.
e: file:///C:/trying/app/src/main/java/com/example/trai
l/presentation/screens/notifications/NotificationsViewM
odel.kt:25:134 No value passed for parameter 'type'.
e: file:///C:/trying/app/src/main/java/com/example/trai
l/presentation/screens/notifications/NotificationsViewM
odel.kt:26:112 Argument type mismatch: actual type is 
'java.util.Date', but 'kotlin.String' was expected.
e: file:///C:/trying/app/src/main/java/com/example/trai
l/presentation/screens/notifications/NotificationsViewM
odel.kt:26:137 Unresolved reference 'SYSTEM'.
e: file:///C:/trying/app/src/main/java/com/example/trai
l/presentation/screens/notifications/NotificationsViewM
odel.kt:26:145 No value passed for parameter 'type'.
e: file:///C:/trying/app/src/main/java/com/example/trai
l/presentation/screens/profile/ProfileScreen.kt:9:47 
Unresolved reference 'EmojiEvents'.
e: file:///C:/trying/app/src/main/java/com/example/trai
l/presentation/screens/profile/ProfileScreen.kt:38:93 
Unresolved reference 'EmojiEvents'.
e: file:///C:/trying/app/src/main/java/com/example/trai
l/presentation/screens/profile/ProfileScreen.kt:40:92 
Unresolved reference 'EmojiEvents'.
e: file:///C:/trying/app/src/main/java/com/example/trai
l/presentation/screens/run_details/RunDetailsScreen.kt:
72:43 Unresolved reference 'DirectionsRun'.
e: file:///C:/trying/app/src/main/java/com/example/trai
l/presentation/screens/run_details/RunDetailsScreen.kt:
89:54 Unresolved reference 'CalendarToday'.
e: file:///C:/trying/app/src/main/java/com/example/trai
l/presentation/screens/run_details/RunDetailsScreen.kt:
91:54 Unresolved reference 'Timeline'.

[Incubating] Problems report is available at: file:///C:/trying/build/reports/problems/problems-report.html

FAILURE: Build failed with an exception.

* What went wrong:
Execution failed for task ':app:compileDebugKotlin'.
> A failure occurred while executing org.jetbrains.kotl
in.compilerRunner.GradleCompilerRunnerWithWorkers$Gradl
eKotlinCompilerWorkAction
   > Compilation error. See log for more details

* Try:
> Run with --stacktrace option to get the stack trace.
> Run with --info or --debug option to get more log 
output.
> Run with --scan to get full insights from a Build 
Scan (powered by Develocity).
> Get more help at https://help.gradle.org.

Deprecated Gradle features were used in this build, making it incompatible with Gradle 10.

You can use '--warning-mode all' to show the individual deprecation warnings and determine if they come from your own scripts or plugins.

For more on this, please refer to https://docs.gradle.org/9.4.1/userguide/command_line_interface.html#sec:command_line_warnings in the Gradle documentation.

29 actionable tasks: 2 executed, 27 up-to-date
BUILD FAILED in 1m 6s
